// Jest Snapshot v1, https://goo.gl/fbAQLP

exports[`renders the UI as expected 1`] = `
<div
  className="actor"
  id={1}
>
  <img
    alt="avatar"
    src="https://robohash.org/itaquevoluptatumrerum.jpg?size=200x200&set=set1"
  />
  <h3>
    Koren Templeton
  </h3>
  <p>
    actor
  </p>
</div>
`;

exports[`renders the UI as expected with no unreads 1`] = `
<div
  className="actor"
  id={1}
>
  <img
    alt="avatar"
    src="https://robohash.org/itaquevoluptatumrerum.jpg?size=200x200&set=set1"
  />
  <h3>
    Koren Templeton
  </h3>
  <p>
    actor
  </p>
</div>
`;
