// Jest Snapshot v1, https://goo.gl/fbAQLP

exports[`renders the UI as expected 1`] = `
<main
  className="App"
>
  <header
    className="App-header"
  >
    <h1>
      Trelloyes!
    </h1>
  </header>
  <section
    className="List"
    id="1"
  >
    <header
      className="List-header"
    >
      <h2>
        First list
      </h2>
    </header>
    <div
      className="List-cards"
    >
      <div>
        <div
          className="card"
        >
          <h3>
            First card
          </h3>
          <p>
            lorem ipsum
          </p>
        </div>
        <div
          className="card"
        >
          <h3>
            Second card
          </h3>
          <p>
            lorem ipsum
          </p>
        </div>
        <div
          className="card"
        >
          <h3>
            Fifth card
          </h3>
          <p>
            lorem ipsum
          </p>
        </div>
        <div
          className="card"
        >
          <h3>
            Sixth card
          </h3>
          <p>
            lorem ipsum
          </p>
        </div>
        <div
          className="card"
        >
          <h3>
            Seventh card
          </h3>
          <p>
            lorem ipsum
          </p>
        </div>
        <div
          className="card"
        >
          <h3>
            Tenth card
          </h3>
          <p>
            lorem ipsum
          </p>
        </div>
        <div
          className="card"
        >
          <h3>
            Twelth card
          </h3>
          <p>
            lorem ipsum
          </p>
        </div>
        <div
          className="card"
        >
          <h3>
            Thirteenth card
          </h3>
          <p>
            lorem ipsum
          </p>
        </div>
      </div>
    </div>
  </section>
  <section
    className="List"
    id="2"
  >
    <header
      className="List-header"
    >
      <h2>
        Second list
      </h2>
    </header>
    <div
      className="List-cards"
    >
      <div>
        <div
          className="card"
        >
          <h3>
            Second card
          </h3>
          <p>
            lorem ipsum
          </p>
        </div>
        <div
          className="card"
        >
          <h3>
            Third card
          </h3>
          <p>
            lorem ipsum
          </p>
        </div>
        <div
          className="card"
        >
          <h3>
            Fourth card
          </h3>
          <p>
            lorem ipsum
          </p>
        </div>
        <div
          className="card"
        >
          <h3>
            Sixth card
          </h3>
          <p>
            lorem ipsum
          </p>
        </div>
        <div
          className="card"
        >
          <h3>
            Eighth card
          </h3>
          <p>
            lorem ipsum
          </p>
        </div>
        <div
          className="card"
        >
          <h3>
            Ninth card
          </h3>
          <p>
            lorem ipsum
          </p>
        </div>
        <div
          className="card"
        >
          <h3>
            Eleventh card
          </h3>
          <p>
            lorem ipsum
          </p>
        </div>
      </div>
    </div>
  </section>
  <section
    className="List"
    id="3"
  >
    <header
      className="List-header"
    >
      <h2>
        Third list
      </h2>
    </header>
    <div
      className="List-cards"
    >
      <div>
        <div
          className="card"
        >
          <h3>
            First card
          </h3>
          <p>
            lorem ipsum
          </p>
        </div>
        <div
          className="card"
        >
          <h3>
            Second card
          </h3>
          <p>
            lorem ipsum
          </p>
        </div>
        <div
          className="card"
        >
          <h3>
            Third card
          </h3>
          <p>
            lorem ipsum
          </p>
        </div>
        <div
          className="card"
        >
          <h3>
            Fourth card
          </h3>
          <p>
            lorem ipsum
          </p>
        </div>
        <div
          className="card"
        >
          <h3>
            Fifth card
          </h3>
          <p>
            lorem ipsum
          </p>
        </div>
        <div
          className="card"
        >
          <h3>
            Sixth card
          </h3>
          <p>
            lorem ipsum
          </p>
        </div>
        <div
          className="card"
        >
          <h3>
            Seventh card
          </h3>
          <p>
            lorem ipsum
          </p>
        </div>
        <div
          className="card"
        >
          <h3>
            Eighth card
          </h3>
          <p>
            lorem ipsum
          </p>
        </div>
        <div
          className="card"
        >
          <h3>
            Ninth card
          </h3>
          <p>
            lorem ipsum
          </p>
        </div>
        <div
          className="card"
        >
          <h3>
            Tenth card
          </h3>
          <p>
            lorem ipsum
          </p>
        </div>
        <div
          className="card"
        >
          <h3>
            Eleventh card
          </h3>
          <p>
            lorem ipsum
          </p>
        </div>
        <div
          className="card"
        >
          <h3>
            Twelth card
          </h3>
          <p>
            lorem ipsum
          </p>
        </div>
        <div
          className="card"
        >
          <h3>
            Thirteenth card
          </h3>
          <p>
            lorem ipsum
          </p>
        </div>
      </div>
    </div>
  </section>
  <section
    className="List"
    id="4"
  >
    <header
      className="List-header"
    >
      <h2>
        Fourth list
      </h2>
    </header>
    <div
      className="List-cards"
    >
      <div>
        <div
          className="card"
        >
          <h3>
            Twelth card
          </h3>
          <p>
            lorem ipsum
          </p>
        </div>
        <div
          className="card"
        >
          <h3>
            Thirteenth card
          </h3>
          <p>
            lorem ipsum
          </p>
        </div>
      </div>
    </div>
  </section>
</main>
`;

exports[`renders the UI as expected with no unreads 1`] = `
<main
  className="App"
>
  <header
    className="App-header"
  >
    <h1>
      Trelloyes!
    </h1>
  </header>
  <section
    className="List"
    id="1"
  >
    <header
      className="List-header"
    >
      <h2>
        First list
      </h2>
    </header>
    <div
      className="List-cards"
    >
      <div>
        <div
          className="card"
        >
          <h3>
            First card
          </h3>
          <p>
            lorem ipsum
          </p>
        </div>
        <div
          className="card"
        >
          <h3>
            Second card
          </h3>
          <p>
            lorem ipsum
          </p>
        </div>
        <div
          className="card"
        >
          <h3>
            Fifth card
          </h3>
          <p>
            lorem ipsum
          </p>
        </div>
        <div
          className="card"
        >
          <h3>
            Sixth card
          </h3>
          <p>
            lorem ipsum
          </p>
        </div>
        <div
          className="card"
        >
          <h3>
            Seventh card
          </h3>
          <p>
            lorem ipsum
          </p>
        </div>
        <div
          className="card"
        >
          <h3>
            Tenth card
          </h3>
          <p>
            lorem ipsum
          </p>
        </div>
        <div
          className="card"
        >
          <h3>
            Twelth card
          </h3>
          <p>
            lorem ipsum
          </p>
        </div>
        <div
          className="card"
        >
          <h3>
            Thirteenth card
          </h3>
          <p>
            lorem ipsum
          </p>
        </div>
      </div>
    </div>
  </section>
  <section
    className="List"
    id="2"
  >
    <header
      className="List-header"
    >
      <h2>
        Second list
      </h2>
    </header>
    <div
      className="List-cards"
    >
      <div>
        <div
          className="card"
        >
          <h3>
            Second card
          </h3>
          <p>
            lorem ipsum
          </p>
        </div>
        <div
          className="card"
        >
          <h3>
            Third card
          </h3>
          <p>
            lorem ipsum
          </p>
        </div>
        <div
          className="card"
        >
          <h3>
            Fourth card
          </h3>
          <p>
            lorem ipsum
          </p>
        </div>
        <div
          className="card"
        >
          <h3>
            Sixth card
          </h3>
          <p>
            lorem ipsum
          </p>
        </div>
        <div
          className="card"
        >
          <h3>
            Eighth card
          </h3>
          <p>
            lorem ipsum
          </p>
        </div>
        <div
          className="card"
        >
          <h3>
            Ninth card
          </h3>
          <p>
            lorem ipsum
          </p>
        </div>
        <div
          className="card"
        >
          <h3>
            Eleventh card
          </h3>
          <p>
            lorem ipsum
          </p>
        </div>
      </div>
    </div>
  </section>
  <section
    className="List"
    id="3"
  >
    <header
      className="List-header"
    >
      <h2>
        Third list
      </h2>
    </header>
    <div
      className="List-cards"
    >
      <div>
        <div
          className="card"
        >
          <h3>
            First card
          </h3>
          <p>
            lorem ipsum
          </p>
        </div>
        <div
          className="card"
        >
          <h3>
            Second card
          </h3>
          <p>
            lorem ipsum
          </p>
        </div>
        <div
          className="card"
        >
          <h3>
            Third card
          </h3>
          <p>
            lorem ipsum
          </p>
        </div>
        <div
          className="card"
        >
          <h3>
            Fourth card
          </h3>
          <p>
            lorem ipsum
          </p>
        </div>
        <div
          className="card"
        >
          <h3>
            Fifth card
          </h3>
          <p>
            lorem ipsum
          </p>
        </div>
        <div
          className="card"
        >
          <h3>
            Sixth card
          </h3>
          <p>
            lorem ipsum
          </p>
        </div>
        <div
          className="card"
        >
          <h3>
            Seventh card
          </h3>
          <p>
            lorem ipsum
          </p>
        </div>
        <div
          className="card"
        >
          <h3>
            Eighth card
          </h3>
          <p>
            lorem ipsum
          </p>
        </div>
        <div
          className="card"
        >
          <h3>
            Ninth card
          </h3>
          <p>
            lorem ipsum
          </p>
        </div>
        <div
          className="card"
        >
          <h3>
            Tenth card
          </h3>
          <p>
            lorem ipsum
          </p>
        </div>
        <div
          className="card"
        >
          <h3>
            Eleventh card
          </h3>
          <p>
            lorem ipsum
          </p>
        </div>
        <div
          className="card"
        >
          <h3>
            Twelth card
          </h3>
          <p>
            lorem ipsum
          </p>
        </div>
        <div
          className="card"
        >
          <h3>
            Thirteenth card
          </h3>
          <p>
            lorem ipsum
          </p>
        </div>
      </div>
    </div>
  </section>
  <section
    className="List"
    id="4"
  >
    <header
      className="List-header"
    >
      <h2>
        Fourth list
      </h2>
    </header>
    <div
      className="List-cards"
    >
      <div>
        <div
          className="card"
        >
          <h3>
            Twelth card
          </h3>
          <p>
            lorem ipsum
          </p>
        </div>
        <div
          className="card"
        >
          <h3>
            Thirteenth card
          </h3>
          <p>
            lorem ipsum
          </p>
        </div>
      </div>
    </div>
  </section>
</main>
`;
