// Jest Snapshot v1, https://goo.gl/fbAQLP

exports[`renders the UI as expected 1`] = `
<section
  className="List"
  id="1"
>
  <header
    className="List-header"
  >
    <h2>
      First list
    </h2>
  </header>
  <div
    className="List-cards"
  >
    <div>
      <div
        className="card"
      >
        <h3>
          First card
        </h3>
        <p>
          lorem ipsum
        </p>
      </div>
      <div
        className="card"
      >
        <h3>
          Second card
        </h3>
        <p>
          lorem ipsum
        </p>
      </div>
      <div
        className="card"
      >
        <h3>
          Fifth card
        </h3>
        <p>
          lorem ipsum
        </p>
      </div>
      <div
        className="card"
      >
        <h3>
          Sixth card
        </h3>
        <p>
          lorem ipsum
        </p>
      </div>
      <div
        className="card"
      >
        <h3>
          Seventh card
        </h3>
        <p>
          lorem ipsum
        </p>
      </div>
      <div
        className="card"
      >
        <h3>
          Tenth card
        </h3>
        <p>
          lorem ipsum
        </p>
      </div>
      <div
        className="card"
      >
        <h3>
          Twelth card
        </h3>
        <p>
          lorem ipsum
        </p>
      </div>
      <div
        className="card"
      >
        <h3>
          Thirteenth card
        </h3>
        <p>
          lorem ipsum
        </p>
      </div>
    </div>
  </div>
</section>
`;

exports[`renders the UI as expected with no unreads 1`] = `
<section
  className="List"
  id="1"
>
  <header
    className="List-header"
  >
    <h2>
      First list
    </h2>
  </header>
  <div
    className="List-cards"
  >
    <div>
      <div
        className="card"
      >
        <h3>
          First card
        </h3>
        <p>
          lorem ipsum
        </p>
      </div>
      <div
        className="card"
      >
        <h3>
          Second card
        </h3>
        <p>
          lorem ipsum
        </p>
      </div>
      <div
        className="card"
      >
        <h3>
          Fifth card
        </h3>
        <p>
          lorem ipsum
        </p>
      </div>
      <div
        className="card"
      >
        <h3>
          Sixth card
        </h3>
        <p>
          lorem ipsum
        </p>
      </div>
      <div
        className="card"
      >
        <h3>
          Seventh card
        </h3>
        <p>
          lorem ipsum
        </p>
      </div>
      <div
        className="card"
      >
        <h3>
          Tenth card
        </h3>
        <p>
          lorem ipsum
        </p>
      </div>
      <div
        className="card"
      >
        <h3>
          Twelth card
        </h3>
        <p>
          lorem ipsum
        </p>
      </div>
      <div
        className="card"
      >
        <h3>
          Thirteenth card
        </h3>
        <p>
          lorem ipsum
        </p>
      </div>
    </div>
  </div>
</section>
`;
